choco windowsfeatures Printing-PrintToPDFServices-Features        
choco windowsfeatures Printing-XPSServices-Features               
choco windowsfeatures SearchEngine-Client-Package                 
choco windowsfeatures MSRDC-Infrastructure                        
choco windowsfeatures NetFx4-AdvSrvs                              
choco windowsfeatures WCF-Services45                              
choco windowsfeatures WCF-TCP-PortSharing45                       
choco windowsfeatures NetFx3                                      
choco windowsfeatures MediaPlayback                               
choco windowsfeatures WindowsMediaPlayer                          
choco windowsfeatures SmbDirect                                   
choco windowsfeatures Internet-Explorer-Optional-amd64            
choco windowsfeatures WorkFolders-Client                          
choco windowsfeatures Printing-Foundation-Features                
choco windowsfeatures FaxServicesClientPackage                    
choco windowsfeatures Printing-Foundation-InternetPrinting-Client 
choco windowsfeatures SMB1Protocol                                
choco windowsfeatures SMB1Protocol-Client                         
choco windowsfeatures SMB1Protocol-Deprecation                    
choco windowsfeatures MicrosoftWindowsPowerShellV2Root            
choco windowsfeatures MicrosoftWindowsPowerShellV2                
choco windowsfeatures Microsoft-Windows-NetFx3-OC-Package         
choco windowsfeatures Microsoft-Windows-NetFx4-US-OC-Package      
choco windowsfeatures Microsoft-Windows-Client-EmbeddedExp-Package
choco windowsfeatures Microsoft-Windows-NetFx3-WCF-OC-Package     
choco windowsfeatures Microsoft-Windows-NetFx4-WCF-US-OC-Package  
choco windowsfeatures Microsoft-Hyper-V-All                       
choco windowsfeatures Microsoft-Hyper-V                           
choco windowsfeatures Microsoft-Hyper-V-Tools-All                 
choco windowsfeatures Microsoft-Hyper-V-Management-PowerShell     
choco windowsfeatures Microsoft-Hyper-V-Hypervisor                
choco windowsfeatures Microsoft-Hyper-V-Services                  
choco windowsfeatures Microsoft-Hyper-V-Management-Clients        
choco webpi iisnode_if_iis7_exists
choco webpi msysgitVS
choco webpi NETFramework35
choco webpi NETFramework451
choco webpi NETFramework4Update402
choco webpi NetFx3
choco webpi NetFx4
choco webpi PowerShell
choco webpi PowerShell3
choco webpi PowerShell4
choco webpi WindowsInstaller31
choco webpi WindowsInstaller45
choco install Chocolatey
choco install 7zip.install
choco install chocolatey
choco install chocolatey-core.extension
choco install chocolatey-windowsupdate.extension
choco install DotNet4.5.2
choco install Firefox
choco install git
choco install git.install
choco install google-chrome-x64
choco install GoogleChrome
choco install javaruntime
choco install jre8
choco install KB2919355
choco install KB2919442
choco install KB2999226
choco install KB3033929
choco install KB3035131
choco install KB3118401
choco install lessmsi
choco install notepadplusplus
choco install notepadplusplus.install
choco install obs-studio.install
choco install openjdk14
choco install openssh
choco install Opera
choco install powershell-core
choco install sysinternals
choco install vcredist140
choco install vcredist2017
choco install vivaldi
choco install vivaldi.portable
choco install vscode
choco install vscode.install
choco install webpicmd
choco install 34
choco install 
choco install Did
choco install 
choco install 
